

================================================================
== Vivado HLS Report for 'jacobi_HLS'
================================================================
* Date:           Sun May 26 16:02:58 2019

* Version:        2018.3 (Build 2405991 on Thu Dec 06 23:56:15 MST 2018)
* Project:        Jacobi
* Solution:       solution1
* Product family: zynq
* Target device:  xc7z020clg400-1


================================================================
== Performance Estimates
================================================================
+ Timing (ns): 
    * Summary: 
    +--------+-------+----------+------------+
    |  Clock | Target| Estimated| Uncertainty|
    +--------+-------+----------+------------+
    |ap_clk  |  10.00|     8.621|        1.25|
    +--------+-------+----------+------------+

+ Latency (clock cycles): 
    * Summary: 
    +-----+-----+-----+-----+---------+
    |  Latency  |  Interval | Pipeline|
    | min | max | min | max |   Type  |
    +-----+-----+-----+-----+---------+
    |    ?|    ?|    ?|    ?|   none  |
    +-----+-----+-----+-----+---------+

    + Detail: 
        * Instance: 
        N/A

        * Loop: 
        +-----------------+-----+-----+----------+-----------+-----------+------+----------+
        |                 |  Latency  | Iteration|  Initiation Interval  | Trip |          |
        |    Loop Name    | min | max |  Latency |  achieved |   target  | Count| Pipelined|
        +-----------------+-----+-----+----------+-----------+-----------+------+----------+
        |- Loop 1         |   16|   16|         1|          -|          -|    16|    no    |
        |- Loop 2         |    ?|    ?|         ?|          -|          -|     ?|    no    |
        | + Loop 2.1      |    ?|    ?|         ?|          -|          -|     ?|    no    |
        |  ++ Loop 2.1.1  |    ?|    ?|         7|          -|          -|     ?|    no    |
        |- Loop 3         |   32|   32|         2|          -|          -|    16|    no    |
        +-----------------+-----+-----+----------+-----------+-----------+------+----------+



================================================================
== Utilization Estimates
================================================================
* Summary: 
+-----------------+---------+-------+--------+-------+
|       Name      | BRAM_18K| DSP48E|   FF   |  LUT  |
+-----------------+---------+-------+--------+-------+
|DSP              |        -|      -|       -|      -|
|Expression       |        -|      -|       0|   1107|
|FIFO             |        -|      -|       -|      -|
|Instance         |        -|     14|    4385|   6030|
|Memory           |        0|      -|      64|      8|
|Multiplexer      |        -|      -|       -|    423|
|Register         |        -|      -|     697|      -|
+-----------------+---------+-------+--------+-------+
|Total            |        0|     14|    5146|   7568|
+-----------------+---------+-------+--------+-------+
|Available        |      280|    220|  106400|  53200|
+-----------------+---------+-------+--------+-------+
|Utilization (%)  |        0|      6|       4|     14|
+-----------------+---------+-------+--------+-------+

+ Detail: 
    * Instance: 
    +-------------------------+----------------------+---------+-------+------+------+
    |         Instance        |        Module        | BRAM_18K| DSP48E|  FF  |  LUT |
    +-------------------------+----------------------+---------+-------+------+------+
    |jacobi_HLS_dadddsbkb_U1  |jacobi_HLS_dadddsbkb  |        0|      3|   445|  1149|
    |jacobi_HLS_ddiv_6dEe_U3  |jacobi_HLS_ddiv_6dEe  |        0|      0|  3211|  3658|
    |jacobi_HLS_dmul_6cud_U2  |jacobi_HLS_dmul_6cud  |        0|     11|   317|   578|
    |jacobi_HLS_sitodpeOg_U4  |jacobi_HLS_sitodpeOg  |        0|      0|   412|   645|
    +-------------------------+----------------------+---------+-------+------+------+
    |Total                    |                      |        0|     14|  4385|  6030|
    +-------------------------+----------------------+---------+-------+------+------+

    * DSP48: 
    N/A

    * Memory: 
    +---------+------------------+---------+----+----+------+-----+------+-------------+
    |  Memory |      Module      | BRAM_18K| FF | LUT| Words| Bits| Banks| W*Bits*Banks|
    +---------+------------------+---------+----+----+------+-----+------+-------------+
    |x_new_U  |jacobi_HLS_x_new  |        0|  64|   8|    16|   32|     1|          512|
    +---------+------------------+---------+----+----+------+-----+------+-------------+
    |Total    |                  |        0|  64|   8|    16|   32|     1|          512|
    +---------+------------------+---------+----+----+------+-----+------+-------------+

    * FIFO: 
    N/A

    * Expression: 
    +----------------------+----------+-------+---+-----+------------+------------+
    |     Variable Name    | Operation| DSP48E| FF| LUT | Bitwidth P0| Bitwidth P1|
    +----------------------+----------+-------+---+-----+------------+------------+
    |i_1_fu_273_p2         |     +    |      0|  0|   15|           5|           1|
    |i_2_fu_308_p2         |     +    |      0|  0|   38|          31|           1|
    |j_1_fu_337_p2         |     +    |      0|  0|   39|          32|           1|
    |q_1_fu_520_p2         |     +    |      0|  0|   15|           5|           1|
    |sh_assign_fu_416_p2   |     +    |      0|  0|   12|          11|          12|
    |t_1_fu_293_p2         |     +    |      0|  0|   38|          31|           1|
    |tmp_12_fu_357_p2      |     +    |      0|  0|   15|           6|           6|
    |tmp_5_fu_318_p2       |     +    |      0|  0|   13|           2|           4|
    |result_V_1_fu_502_p2  |     -    |      0|  0|   39|           1|          32|
    |tmp_i_i_i_fu_430_p2   |     -    |      0|  0|   13|          10|          11|
    |exitcond1_fu_332_p2   |   icmp   |      0|  0|   18|          32|          32|
    |exitcond2_fu_267_p2   |   icmp   |      0|  0|   11|           5|           6|
    |exitcond_fu_514_p2    |   icmp   |      0|  0|   11|           5|           6|
    |tmp_10_fu_343_p2      |   icmp   |      0|  0|   18|          32|          32|
    |tmp_2_fu_288_p2       |   icmp   |      0|  0|   18|          32|          32|
    |tmp_3_fu_303_p2       |   icmp   |      0|  0|   18|          32|          32|
    |r_V_fu_460_p2         |   lshr   |      0|  0|  162|          54|          54|
    |p_Val2_5_fu_494_p3    |  select  |      0|  0|   32|           1|          32|
    |p_Val2_6_fu_507_p3    |  select  |      0|  0|   32|           1|          32|
    |sigma_1_fu_362_p3     |  select  |      0|  0|   64|           1|          64|
    |ush_fu_440_p3         |  select  |      0|  0|   12|           1|          12|
    |r_V_1_fu_466_p2       |    shl   |      0|  0|  474|         137|         137|
    +----------------------+----------+-------+---+-----+------------+------------+
    |Total                 |          |      0|  0| 1107|         467|         541|
    +----------------------+----------+-------+---+-----+------------+------------+

    * Multiplexer: 
    +-------------------+-----+-----------+-----+-----------+
    |        Name       | LUT | Input Size| Bits| Total Bits|
    +-------------------+-----+-----------+-----+-----------+
    |ap_NS_fsm          |  273|         64|    1|         64|
    |grp_fu_235_opcode  |   15|          3|    2|          6|
    |grp_fu_235_p0      |   15|          3|   64|        192|
    |grp_fu_235_p1      |   15|          3|   64|        192|
    |grp_fu_251_p0      |   15|          3|   32|         96|
    |i1_reg_189         |    9|          2|   31|         62|
    |i_reg_167          |    9|          2|    5|         10|
    |j_reg_213          |    9|          2|   32|         64|
    |q_reg_224          |    9|          2|    5|         10|
    |sigma_reg_201      |    9|          2|   64|        128|
    |t_reg_178          |    9|          2|   31|         62|
    |x_new_address0     |   21|          4|    4|         16|
    |x_new_d0           |   15|          3|   32|         96|
    +-------------------+-----+-----------+-----+-----------+
    |Total              |  423|         95|  367|        998|
    +-------------------+-----+-----------+-----+-----------+

    * Register: 
    +---------------------+----+----+-----+-----------+
    |         Name        | FF | LUT| Bits| Const Bits|
    +---------------------+----+----+-----+-----------+
    |ap_CS_fsm            |  63|   0|   63|          0|
    |i1_cast_reg_558      |  31|   0|   32|          1|
    |i1_reg_189           |  31|   0|   31|          0|
    |i_2_reg_566          |  31|   0|   31|          0|
    |i_reg_167            |   5|   0|    5|          0|
    |j_1_reg_579          |  32|   0|   32|          0|
    |j_reg_213            |  32|   0|   32|          0|
    |p_Result_s_reg_634   |   1|   0|    1|          0|
    |p_Val2_5_reg_639     |  32|   0|   32|          0|
    |q_1_reg_648          |   5|   0|    5|          0|
    |q_reg_224            |   5|   0|    5|          0|
    |reg_256              |  64|   0|   64|          0|
    |reg_261              |  64|   0|   64|          0|
    |sigma_reg_201        |  64|   0|   64|          0|
    |t_1_reg_553          |  31|   0|   31|          0|
    |t_reg_178            |  31|   0|   31|          0|
    |tmp_10_reg_584       |   1|   0|    1|          0|
    |tmp_11_cast_reg_571  |   4|   0|    6|          2|
    |tmp_12_reg_594       |   6|   0|    6|          0|
    |tmp_7_reg_653        |   5|   0|   64|         59|
    |tmp_8_reg_624        |  64|   0|   64|          0|
    |tmp_9_reg_589        |  31|   0|   64|         33|
    |x_assign_reg_629     |  64|   0|   64|          0|
    +---------------------+----+----+-----+-----------+
    |Total                | 697|   0|  792|         95|
    +---------------------+----+----+-----+-----------+



================================================================
== Interface
================================================================
* Summary: 
+------------+-----+-----+------------+--------------+--------------+
|  RTL Ports | Dir | Bits|  Protocol  | Source Object|    C Type    |
+------------+-----+-----+------------+--------------+--------------+
|ap_clk      |  in |    1| ap_ctrl_hs |  jacobi_HLS  | return value |
|ap_rst      |  in |    1| ap_ctrl_hs |  jacobi_HLS  | return value |
|ap_start    |  in |    1| ap_ctrl_hs |  jacobi_HLS  | return value |
|ap_done     | out |    1| ap_ctrl_hs |  jacobi_HLS  | return value |
|ap_idle     | out |    1| ap_ctrl_hs |  jacobi_HLS  | return value |
|ap_ready    | out |    1| ap_ctrl_hs |  jacobi_HLS  | return value |
|J_address0  | out |    4|  ap_memory |       J      |     array    |
|J_ce0       | out |    1|  ap_memory |       J      |     array    |
|J_q0        |  in |   32|  ap_memory |       J      |     array    |
|b_address0  | out |    2|  ap_memory |       b      |     array    |
|b_ce0       | out |    1|  ap_memory |       b      |     array    |
|b_q0        |  in |   32|  ap_memory |       b      |     array    |
|n           |  in |   32|   ap_none  |       n      |    scalar    |
|iter        |  in |   32|   ap_none  |     iter     |    scalar    |
|x_address0  | out |    4|  ap_memory |       x      |     array    |
|x_ce0       | out |    1|  ap_memory |       x      |     array    |
|x_we0       | out |    1|  ap_memory |       x      |     array    |
|x_d0        | out |   32|  ap_memory |       x      |     array    |
|error       |  in |   64|   ap_none  |     error    |    scalar    |
+------------+-----+-----+------------+--------------+--------------+

