

================================================================
== Vivado HLS Report for 'jacobi_HLS'
================================================================
* Date:           Tue May 28 12:57:46 2019

* Version:        2018.3 (Build 2405991 on Thu Dec 06 23:56:15 MST 2018)
* Project:        Jacobi
* Solution:       solution6
* Product family: zynq
* Target device:  xc7z020clg400-1


================================================================
== Performance Estimates
================================================================
+ Timing (ns): 
    * Summary: 
    +--------+-------+----------+------------+
    |  Clock | Target| Estimated| Uncertainty|
    +--------+-------+----------+------------+
    |ap_clk  |  10.00|     8.623|        1.25|
    +--------+-------+----------+------------+

+ Latency (clock cycles): 
    * Summary: 
    +-----+-----+-----+-----+---------+
    |  Latency  |  Interval | Pipeline|
    | min | max | min | max |   Type  |
    +-----+-----+-----+-----+---------+
    |  166|  166|  166|  166|   none  |
    +-----+-----+-----+-----+---------+

    + Detail: 
        * Instance: 
        N/A

        * Loop: 
        +-----------------+-----+-----+----------+-----------+-----------+------+----------+
        |                 |  Latency  | Iteration|  Initiation Interval  | Trip |          |
        |    Loop Name    | min | max |  Latency |  achieved |   target  | Count| Pipelined|
        +-----------------+-----+-----+----------+-----------+-----------+------+----------+
        |- calculo_error  |   88|   88|        14|          5|          1|    16|    yes   |
        +-----------------+-----+-----+----------+-----------+-----------+------+----------+



================================================================
== Utilization Estimates
================================================================
* Summary: 
+-----------------+---------+-------+--------+-------+
|       Name      | BRAM_18K| DSP48E|   FF   |  LUT  |
+-----------------+---------+-------+--------+-------+
|DSP              |        -|      -|       -|      -|
|Expression       |        -|      3|       0|   3152|
|FIFO             |        -|      -|       -|      -|
|Instance         |        -|     25|   10981|  14381|
|Memory           |        2|      -|       0|      0|
|Multiplexer      |        -|      -|       -|    703|
|Register         |        0|      -|    1322|     32|
+-----------------+---------+-------+--------+-------+
|Total            |        2|     28|   12303|  18268|
+-----------------+---------+-------+--------+-------+
|Available        |      280|    220|  106400|  53200|
+-----------------+---------+-------+--------+-------+
|Utilization (%)  |    ~0   |     12|      11|     34|
+-----------------+---------+-------+--------+-------+

+ Detail: 
    * Instance: 
    +--------------------------+----------------------+---------+-------+------+------+
    |         Instance         |        Module        | BRAM_18K| DSP48E|  FF  |  LUT |
    +--------------------------+----------------------+---------+-------+------+------+
    |jacobi_HLS_dadd_6bkb_U1   |jacobi_HLS_dadd_6bkb  |        0|      3|   445|  1149|
    |jacobi_HLS_ddiv_6dEe_U4   |jacobi_HLS_ddiv_6dEe  |        0|      0|  3211|  3658|
    |jacobi_HLS_ddiv_6dEe_U5   |jacobi_HLS_ddiv_6dEe  |        0|      0|  3211|  3658|
    |jacobi_HLS_dmul_6cud_U2   |jacobi_HLS_dmul_6cud  |        0|     11|   317|   578|
    |jacobi_HLS_dmul_6cud_U3   |jacobi_HLS_dmul_6cud  |        0|     11|   317|   578|
    |jacobi_HLS_dsqrt_fYi_U10  |jacobi_HLS_dsqrt_fYi  |        0|      0|  1832|  2180|
    |jacobi_HLS_sitodpeOg_U6   |jacobi_HLS_sitodpeOg  |        0|      0|   412|   645|
    |jacobi_HLS_sitodpeOg_U7   |jacobi_HLS_sitodpeOg  |        0|      0|   412|   645|
    |jacobi_HLS_sitodpeOg_U8   |jacobi_HLS_sitodpeOg  |        0|      0|   412|   645|
    |jacobi_HLS_sitodpeOg_U9   |jacobi_HLS_sitodpeOg  |        0|      0|   412|   645|
    +--------------------------+----------------------+---------+-------+------+------+
    |Total                     |                      |        0|     25| 10981| 14381|
    +--------------------------+----------------------+---------+-------+------+------+

    * DSP48: 
    N/A

    * Memory: 
    +---------+------------------+---------+---+----+------+-----+------+-------------+
    |  Memory |      Module      | BRAM_18K| FF| LUT| Words| Bits| Banks| W*Bits*Banks|
    +---------+------------------+---------+---+----+------+-----+------+-------------+
    |x_new_U  |jacobi_HLS_x_new  |        2|  0|   0|    16|   32|     1|          512|
    +---------+------------------+---------+---+----+------+-----+------+-------------+
    |Total    |                  |        2|  0|   0|    16|   32|     1|          512|
    +---------+------------------+---------+---+----+------+-----+------+-------------+

    * FIFO: 
    N/A

    * Expression: 
    +-----------------------+----------+-------+---+-----+------------+------------+
    |     Variable Name     | Operation| DSP48E| FF| LUT | Bitwidth P0| Bitwidth P1|
    +-----------------------+----------+-------+---+-----+------------+------------+
    |tmp_4_fu_1033_p2       |     *    |      3|  0|   20|          32|          32|
    |q_1_fu_1022_p2         |     +    |      0|  0|   15|           5|           1|
    |sh_assign_3_fu_764_p2  |     +    |      0|  0|   12|          11|          12|
    |sh_assign_6_fu_894_p2  |     +    |      0|  0|   12|          11|          12|
    |sh_assign_9_fu_622_p2  |     +    |      0|  0|   12|          11|          12|
    |sh_assign_fu_492_p2    |     +    |      0|  0|   12|          11|          12|
    |result_V_1_fu_708_p2   |     -    |      0|  0|   39|           1|          32|
    |result_V_3_fu_992_p2   |     -    |      0|  0|   39|           1|          32|
    |result_V_5_fu_1004_p2  |     -    |      0|  0|   39|           1|          32|
    |result_V_7_fu_980_p2   |     -    |      0|  0|   39|           1|          32|
    |tmp_i_i_i1_fu_778_p2   |     -    |      0|  0|   13|          10|          11|
    |tmp_i_i_i2_fu_908_p2   |     -    |      0|  0|   13|          10|          11|
    |tmp_i_i_i3_fu_636_p2   |     -    |      0|  0|   13|          10|          11|
    |tmp_i_i_i_fu_506_p2    |     -    |      0|  0|   13|          10|          11|
    |exitcond_fu_1016_p2    |   icmp   |      0|  0|   11|           5|           6|
    |r_V_2_fu_808_p2        |   lshr   |      0|  0|  162|          54|          54|
    |r_V_4_fu_938_p2        |   lshr   |      0|  0|  162|          54|          54|
    |r_V_6_fu_666_p2        |   lshr   |      0|  0|  162|          54|          54|
    |r_V_fu_536_p2          |   lshr   |      0|  0|  162|          54|          54|
    |p_Val2_20_fu_570_p3    |  select  |      0|  0|   32|           1|          32|
    |p_Val2_21_fu_713_p3    |  select  |      0|  0|   32|           1|          32|
    |p_Val2_22_fu_842_p3    |  select  |      0|  0|   32|           1|          32|
    |p_Val2_23_fu_997_p3    |  select  |      0|  0|   32|           1|          32|
    |p_Val2_24_fu_972_p3    |  select  |      0|  0|   32|           1|          32|
    |p_Val2_25_fu_1009_p3   |  select  |      0|  0|   32|           1|          32|
    |p_Val2_26_fu_700_p3    |  select  |      0|  0|   32|           1|          32|
    |p_Val2_27_fu_985_p3    |  select  |      0|  0|   32|           1|          32|
    |ush_1_fu_788_p3        |  select  |      0|  0|   12|           1|          12|
    |ush_2_fu_918_p3        |  select  |      0|  0|   12|           1|          12|
    |ush_3_fu_646_p3        |  select  |      0|  0|   12|           1|          12|
    |ush_fu_516_p3          |  select  |      0|  0|   12|           1|          12|
    |r_V_1_fu_542_p2        |    shl   |      0|  0|  474|         137|         137|
    |r_V_3_fu_814_p2        |    shl   |      0|  0|  474|         137|         137|
    |r_V_5_fu_944_p2        |    shl   |      0|  0|  474|         137|         137|
    |r_V_7_fu_672_p2        |    shl   |      0|  0|  474|         137|         137|
    |ap_enable_pp0          |    xor   |      0|  0|    2|           1|           2|
    +-----------------------+----------+-------+---+-----+------------+------------+
    |Total                  |          |      3|  0| 3152|         907|        1329|
    +-----------------------+----------+-------+---+-----+------------+------------+

    * Multiplexer: 
    +----------------------------+-----+-----------+-----+-----------+
    |            Name            | LUT | Input Size| Bits| Total Bits|
    +----------------------------+-----+-----------+-----+-----------+
    |J_address0                  |   15|          3|    4|         12|
    |J_address1                  |   15|          3|    4|         12|
    |ap_NS_fsm                   |  369|         84|    1|         84|
    |ap_enable_reg_pp0_iter2     |    9|          2|    1|          2|
    |ap_phi_mux_q_phi_fu_382_p4  |    9|          2|    5|         10|
    |b_address0                  |   15|          3|    2|          6|
    |b_address1                  |   15|          3|    2|          6|
    |grp_fu_394_p0               |   15|          3|   64|        192|
    |grp_fu_394_p1               |   15|          3|   64|        192|
    |grp_fu_398_p0               |   15|          3|   64|        192|
    |grp_fu_398_p1               |   15|          3|   64|        192|
    |grp_fu_402_p1               |   15|          3|   64|        192|
    |grp_fu_407_p1               |   15|          3|   64|        192|
    |grp_fu_412_p0               |   15|          3|   32|         96|
    |q_reg_378                   |    9|          2|    5|         10|
    |sum_reg_366                 |    9|          2|   64|        128|
    |x_new_address0              |   47|         10|    4|         40|
    |x_new_address1              |   44|          9|    4|         36|
    |x_new_d0                    |   21|          4|   32|        128|
    |x_new_d1                    |   21|          4|   32|        128|
    +----------------------------+-----+-----------+-----+-----------+
    |Total                       |  703|        152|  576|       1850|
    +----------------------------+-----+-----------+-----+-----------+

    * Register: 
    +-------------------------+----+----+-----+-----------+
    |           Name          | FF | LUT| Bits| Const Bits|
    +-------------------------+----+----+-----+-----------+
    |ap_CS_fsm                |  83|   0|   83|          0|
    |ap_enable_reg_pp0_iter0  |   1|   0|    1|          0|
    |ap_enable_reg_pp0_iter1  |   1|   0|    1|          0|
    |ap_enable_reg_pp0_iter2  |   1|   0|    1|          0|
    |exitcond_reg_1216        |   1|   0|    1|          0|
    |p_Result_1_reg_1194      |   1|   0|    1|          0|
    |p_Result_2_reg_1205      |   1|   0|    1|          0|
    |p_Result_3_reg_1183      |   1|   0|    1|          0|
    |p_Result_s_reg_1172      |   1|   0|    1|          0|
    |p_Val2_20_reg_1177       |  32|   0|   32|          0|
    |p_Val2_22_reg_1199       |  32|   0|   32|          0|
    |p_Val2_24_reg_1210       |  32|   0|   32|          0|
    |p_Val2_26_reg_1188       |  32|   0|   32|          0|
    |q_1_reg_1220             |   5|   0|    5|          0|
    |q_reg_378                |   5|   0|    5|          0|
    |reg_434                  |  64|   0|   64|          0|
    |reg_440                  |  64|   0|   64|          0|
    |reg_444                  |  64|   0|   64|          0|
    |sum_reg_366              |  64|   0|   64|          0|
    |tmp_10_0_1_reg_1152      |  64|   0|   64|          0|
    |tmp_10_0_2_reg_1162      |  64|   0|   64|          0|
    |tmp_10_0_3_reg_1167      |  64|   0|   64|          0|
    |tmp_10_1_reg_1157        |  64|   0|   64|          0|
    |tmp_2_reg_1225           |   5|   0|   64|         59|
    |tmp_4_reg_1241           |  32|   0|   32|          0|
    |tmp_6_0_1_reg_1122       |  64|   0|   64|          0|
    |tmp_6_0_2_reg_1132       |  64|   0|   64|          0|
    |tmp_6_0_3_reg_1142       |  64|   0|   64|          0|
    |tmp_7_0_1_reg_1127       |  64|   0|   64|          0|
    |tmp_7_0_2_reg_1137       |  64|   0|   64|          0|
    |tmp_7_0_3_reg_1147       |  64|   0|   64|          0|
    |tmp_7_reg_1117           |  64|   0|   64|          0|
    |x_new_load_reg_1235      |  32|   0|   32|          0|
    |exitcond_reg_1216        |  64|  32|    1|          0|
    +-------------------------+----+----+-----+-----------+
    |Total                    |1322|  32| 1318|         59|
    +-------------------------+----+----+-----+-----------+



================================================================
== Interface
================================================================
* Summary: 
+------------+-----+-----+------------+--------------+--------------+
|  RTL Ports | Dir | Bits|  Protocol  | Source Object|    C Type    |
+------------+-----+-----+------------+--------------+--------------+
|ap_clk      |  in |    1| ap_ctrl_hs |  jacobi_HLS  | return value |
|ap_rst      |  in |    1| ap_ctrl_hs |  jacobi_HLS  | return value |
|ap_start    |  in |    1| ap_ctrl_hs |  jacobi_HLS  | return value |
|ap_done     | out |    1| ap_ctrl_hs |  jacobi_HLS  | return value |
|ap_idle     | out |    1| ap_ctrl_hs |  jacobi_HLS  | return value |
|ap_ready    | out |    1| ap_ctrl_hs |  jacobi_HLS  | return value |
|ap_return   | out |   64| ap_ctrl_hs |  jacobi_HLS  | return value |
|J_address0  | out |    4|  ap_memory |       J      |     array    |
|J_ce0       | out |    1|  ap_memory |       J      |     array    |
|J_q0        |  in |   32|  ap_memory |       J      |     array    |
|J_address1  | out |    4|  ap_memory |       J      |     array    |
|J_ce1       | out |    1|  ap_memory |       J      |     array    |
|J_q1        |  in |   32|  ap_memory |       J      |     array    |
|b_address0  | out |    2|  ap_memory |       b      |     array    |
|b_ce0       | out |    1|  ap_memory |       b      |     array    |
|b_q0        |  in |   32|  ap_memory |       b      |     array    |
|b_address1  | out |    2|  ap_memory |       b      |     array    |
|b_ce1       | out |    1|  ap_memory |       b      |     array    |
|b_q1        |  in |   32|  ap_memory |       b      |     array    |
|x_address0  | out |    4|  ap_memory |       x      |     array    |
|x_ce0       | out |    1|  ap_memory |       x      |     array    |
|x_we0       | out |    1|  ap_memory |       x      |     array    |
|x_d0        | out |   32|  ap_memory |       x      |     array    |
+------------+-----+-----+------------+--------------+--------------+

