

================================================================
== Vivado HLS Report for 'jacobi_HLS'
================================================================
* Date:           Mon May 27 21:59:13 2019

* Version:        2018.3 (Build 2405991 on Thu Dec 06 23:56:15 MST 2018)
* Project:        Jacobi
* Solution:       solution3
* Product family: zynq
* Target device:  xc7z020clg400-1


================================================================
== Performance Estimates
================================================================
+ Timing (ns): 
    * Summary: 
    +--------+-------+----------+------------+
    |  Clock | Target| Estimated| Uncertainty|
    +--------+-------+----------+------------+
    |ap_clk  |  10.00|     9.811|        1.25|
    +--------+-------+----------+------------+

+ Latency (clock cycles): 
    * Summary: 
    +------+------+------+------+---------+
    |   Latency   |   Interval  | Pipeline|
    |  min |  max |  min |  max |   Type  |
    +------+------+------+------+---------+
    |  5866|  5866|  5866|  5866|   none  |
    +------+------+------+------+---------+

    + Detail: 
        * Instance: 
        +-----------------------------------+-----------------------+-----+-----+-----+-----+---------+
        |                                   |                       |  Latency  |  Interval | Pipeline|
        |              Instance             |         Module        | min | max | min | max |   Type  |
        +-----------------------------------+-----------------------+-----+-----+-----+-----+---------+
        |grp_p_hls_fptosi_double_s_fu_1233  |p_hls_fptosi_double_s  |    1|    1|    1|    1|   none  |
        +-----------------------------------+-----------------------+-----+-----+-----+-----+---------+

        * Loop: 
        +------------------+-----+-----+----------+-----------+-----------+------+----------+
        |                  |  Latency  | Iteration|  Initiation Interval  | Trip |          |
        |     Loop Name    | min | max |  Latency |  achieved |   target  | Count| Pipelined|
        +------------------+-----+-----+----------+-----------+-----------+------+----------+
        |- inicializacion  |   16|   16|         1|          1|          1|    16|    yes   |
        |- Loop 2          |  356|  356|        89|          -|          -|     4|    no    |
        | + Loop 2.1       |   28|   28|         7|          -|          -|     4|    no    |
        |- Loop 3          |  356|  356|        89|          -|          -|     4|    no    |
        | + Loop 3.1       |   28|   28|         7|          -|          -|     4|    no    |
        |- Loop 4          |  356|  356|        89|          -|          -|     4|    no    |
        | + Loop 4.1       |   28|   28|         7|          -|          -|     4|    no    |
        |- Loop 5          |  356|  356|        89|          -|          -|     4|    no    |
        | + Loop 5.1       |   28|   28|         7|          -|          -|     4|    no    |
        |- Loop 6          |  356|  356|        89|          -|          -|     4|    no    |
        | + Loop 6.1       |   28|   28|         7|          -|          -|     4|    no    |
        |- Loop 7          |  356|  356|        89|          -|          -|     4|    no    |
        | + Loop 7.1       |   28|   28|         7|          -|          -|     4|    no    |
        |- Loop 8          |  356|  356|        89|          -|          -|     4|    no    |
        | + Loop 8.1       |   28|   28|         7|          -|          -|     4|    no    |
        |- Loop 9          |  356|  356|        89|          -|          -|     4|    no    |
        | + Loop 9.1       |   28|   28|         7|          -|          -|     4|    no    |
        |- Loop 10         |  356|  356|        89|          -|          -|     4|    no    |
        | + Loop 10.1      |   28|   28|         7|          -|          -|     4|    no    |
        |- Loop 11         |  356|  356|        89|          -|          -|     4|    no    |
        | + Loop 11.1      |   28|   28|         7|          -|          -|     4|    no    |
        |- Loop 12         |  356|  356|        89|          -|          -|     4|    no    |
        | + Loop 12.1      |   28|   28|         7|          -|          -|     4|    no    |
        |- Loop 13         |  356|  356|        89|          -|          -|     4|    no    |
        | + Loop 13.1      |   28|   28|         7|          -|          -|     4|    no    |
        |- Loop 14         |  356|  356|        89|          -|          -|     4|    no    |
        | + Loop 14.1      |   28|   28|         7|          -|          -|     4|    no    |
        |- Loop 15         |  356|  356|        89|          -|          -|     4|    no    |
        | + Loop 15.1      |   28|   28|         7|          -|          -|     4|    no    |
        |- Loop 16         |  356|  356|        89|          -|          -|     4|    no    |
        | + Loop 16.1      |   28|   28|         7|          -|          -|     4|    no    |
        |- Loop 17         |  356|  356|        89|          -|          -|     4|    no    |
        | + Loop 17.1      |   28|   28|         7|          -|          -|     4|    no    |
        |- calculo_error   |   88|   88|        14|          5|          1|    16|    yes   |
        +------------------+-----+-----+----------+-----------+-----------+------+----------+



================================================================
== Utilization Estimates
================================================================
* Summary: 
+-----------------+---------+-------+--------+-------+
|       Name      | BRAM_18K| DSP48E|   FF   |  LUT  |
+-----------------+---------+-------+--------+-------+
|DSP              |        -|      -|       -|      -|
|Expression       |        -|      6|       0|   2405|
|FIFO             |        -|      -|       -|      -|
|Instance         |        -|     14|    6252|   9001|
|Memory           |        0|      -|     128|     16|
|Multiplexer      |        -|      -|       -|   3296|
|Register         |        0|      -|    2960|     32|
+-----------------+---------+-------+--------+-------+
|Total            |        0|     20|    9340|  14750|
+-----------------+---------+-------+--------+-------+
|Available        |      280|    220|  106400|  53200|
+-----------------+---------+-------+--------+-------+
|Utilization (%)  |        0|      9|       8|     27|
+-----------------+---------+-------+--------+-------+

+ Detail: 
    * Instance: 
    +-----------------------------------+-----------------------+---------+-------+------+------+
    |              Instance             |         Module        | BRAM_18K| DSP48E|  FF  |  LUT |
    +-----------------------------------+-----------------------+---------+-------+------+------+
    |jacobi_HLS_dadddsbkb_U2            |jacobi_HLS_dadddsbkb   |        0|      3|   445|  1149|
    |jacobi_HLS_ddiv_6dEe_U4            |jacobi_HLS_ddiv_6dEe   |        0|      0|  3211|  3658|
    |jacobi_HLS_dmul_6cud_U3            |jacobi_HLS_dmul_6cud   |        0|     11|   317|   578|
    |jacobi_HLS_dsqrt_fYi_U6            |jacobi_HLS_dsqrt_fYi   |        0|      0|  1832|  2180|
    |jacobi_HLS_sitodpeOg_U5            |jacobi_HLS_sitodpeOg   |        0|      0|   412|   645|
    |grp_p_hls_fptosi_double_s_fu_1233  |p_hls_fptosi_double_s  |        0|      0|    35|   791|
    +-----------------------------------+-----------------------+---------+-------+------+------+
    |Total                              |                       |        0|     14|  6252|  9001|
    +-----------------------------------+-----------------------+---------+-------+------+------+

    * DSP48: 
    N/A

    * Memory: 
    +----------+-------------------+---------+----+----+------+-----+------+-------------+
    |  Memory  |       Module      | BRAM_18K| FF | LUT| Words| Bits| Banks| W*Bits*Banks|
    +----------+-------------------+---------+----+----+------+-----+------+-------------+
    |x_prev_U  |jacobi_HLS_x_prev  |        0|  64|   8|    16|   32|     1|          512|
    |x_new_U   |jacobi_HLS_x_prev  |        0|  64|   8|    16|   32|     1|          512|
    +----------+-------------------+---------+----+----+------+-----+------+-------------+
    |Total     |                   |        0| 128|  16|    32|   64|     2|         1024|
    +----------+-------------------+---------+----+----+------+-----+------+-------------+

    * FIFO: 
    N/A

    * Expression: 
    +-------------------------+----------+-------+---+----+------------+------------+
    |      Variable Name      | Operation| DSP48E| FF| LUT| Bitwidth P0| Bitwidth P1|
    +-------------------------+----------+-------+---+----+------------+------------+
    |grp_fu_1332_p2           |     *    |      3|  0|  20|          32|          32|
    |tmp_4_fu_2585_p2         |     *    |      3|  0|  20|          32|          32|
    |i_1_fu_1349_p2           |     +    |      0|  0|  15|           5|           1|
    |i_2_10_fu_2192_p2        |     +    |      0|  0|  12|           3|           1|
    |i_2_11_fu_2267_p2        |     +    |      0|  0|  12|           3|           1|
    |i_2_12_fu_2342_p2        |     +    |      0|  0|  12|           3|           1|
    |i_2_13_fu_2417_p2        |     +    |      0|  0|  12|           3|           1|
    |i_2_14_fu_2492_p2        |     +    |      0|  0|  12|           3|           1|
    |i_2_1_fu_1442_p2         |     +    |      0|  0|  12|           3|           1|
    |i_2_2_fu_1517_p2         |     +    |      0|  0|  12|           3|           1|
    |i_2_3_fu_1592_p2         |     +    |      0|  0|  12|           3|           1|
    |i_2_4_fu_1667_p2         |     +    |      0|  0|  12|           3|           1|
    |i_2_5_fu_1742_p2         |     +    |      0|  0|  12|           3|           1|
    |i_2_6_fu_1817_p2         |     +    |      0|  0|  12|           3|           1|
    |i_2_7_fu_1892_p2         |     +    |      0|  0|  12|           3|           1|
    |i_2_8_fu_1967_p2         |     +    |      0|  0|  12|           3|           1|
    |i_2_9_fu_2042_p2         |     +    |      0|  0|  12|           3|           1|
    |i_2_fu_1367_p2           |     +    |      0|  0|  12|           3|           1|
    |i_2_s_fu_2117_p2         |     +    |      0|  0|  12|           3|           1|
    |j_1_10_fu_2242_p2        |     +    |      0|  0|  12|           3|           1|
    |j_1_11_fu_2317_p2        |     +    |      0|  0|  12|           3|           1|
    |j_1_12_fu_2392_p2        |     +    |      0|  0|  12|           3|           1|
    |j_1_13_fu_2467_p2        |     +    |      0|  0|  12|           3|           1|
    |j_1_14_fu_2542_p2        |     +    |      0|  0|  12|           3|           1|
    |j_1_1_fu_1492_p2         |     +    |      0|  0|  12|           3|           1|
    |j_1_2_fu_1567_p2         |     +    |      0|  0|  12|           3|           1|
    |j_1_3_fu_1642_p2         |     +    |      0|  0|  12|           3|           1|
    |j_1_4_fu_1717_p2         |     +    |      0|  0|  12|           3|           1|
    |j_1_5_fu_1792_p2         |     +    |      0|  0|  12|           3|           1|
    |j_1_6_fu_1867_p2         |     +    |      0|  0|  12|           3|           1|
    |j_1_7_fu_1942_p2         |     +    |      0|  0|  12|           3|           1|
    |j_1_8_fu_2017_p2         |     +    |      0|  0|  12|           3|           1|
    |j_1_9_fu_2092_p2         |     +    |      0|  0|  12|           3|           1|
    |j_1_fu_1417_p2           |     +    |      0|  0|  12|           3|           1|
    |j_1_s_fu_2167_p2         |     +    |      0|  0|  12|           3|           1|
    |q_1_fu_2567_p2           |     +    |      0|  0|  15|           5|           1|
    |tmp_34_fu_1400_p2        |     +    |      0|  0|  15|           6|           6|
    |tmp_36_fu_1475_p2        |     +    |      0|  0|  15|           6|           6|
    |tmp_38_fu_1550_p2        |     +    |      0|  0|  15|           6|           6|
    |tmp_40_fu_1625_p2        |     +    |      0|  0|  15|           6|           6|
    |tmp_42_fu_1700_p2        |     +    |      0|  0|  15|           6|           6|
    |tmp_44_fu_1775_p2        |     +    |      0|  0|  15|           6|           6|
    |tmp_46_fu_1850_p2        |     +    |      0|  0|  15|           6|           6|
    |tmp_48_fu_1925_p2        |     +    |      0|  0|  15|           6|           6|
    |tmp_50_fu_2000_p2        |     +    |      0|  0|  15|           6|           6|
    |tmp_52_fu_2075_p2        |     +    |      0|  0|  15|           6|           6|
    |tmp_54_fu_2150_p2        |     +    |      0|  0|  15|           6|           6|
    |tmp_56_fu_2225_p2        |     +    |      0|  0|  15|           6|           6|
    |tmp_58_fu_2300_p2        |     +    |      0|  0|  15|           6|           6|
    |tmp_60_fu_2375_p2        |     +    |      0|  0|  15|           6|           6|
    |tmp_62_fu_2450_p2        |     +    |      0|  0|  15|           6|           6|
    |tmp_64_fu_2525_p2        |     +    |      0|  0|  15|           6|           6|
    |tmp_9_10_fu_2198_p2      |     +    |      0|  0|  12|           3|           2|
    |tmp_9_11_fu_2273_p2      |     +    |      0|  0|  12|           3|           2|
    |tmp_9_12_fu_2348_p2      |     +    |      0|  0|  12|           3|           2|
    |tmp_9_13_fu_2423_p2      |     +    |      0|  0|  12|           3|           2|
    |tmp_9_14_fu_2498_p2      |     +    |      0|  0|  12|           3|           2|
    |tmp_9_1_fu_1448_p2       |     +    |      0|  0|  12|           3|           2|
    |tmp_9_2_fu_1523_p2       |     +    |      0|  0|  12|           3|           2|
    |tmp_9_3_fu_1598_p2       |     +    |      0|  0|  12|           3|           2|
    |tmp_9_4_fu_1673_p2       |     +    |      0|  0|  12|           3|           2|
    |tmp_9_5_fu_1748_p2       |     +    |      0|  0|  12|           3|           2|
    |tmp_9_6_fu_1823_p2       |     +    |      0|  0|  12|           3|           2|
    |tmp_9_7_fu_1898_p2       |     +    |      0|  0|  12|           3|           2|
    |tmp_9_8_fu_1973_p2       |     +    |      0|  0|  12|           3|           2|
    |tmp_9_9_fu_2048_p2       |     +    |      0|  0|  12|           3|           2|
    |tmp_9_fu_1373_p2         |     +    |      0|  0|  12|           3|           2|
    |tmp_9_s_fu_2123_p2       |     +    |      0|  0|  12|           3|           2|
    |tmp_3_fu_2579_p2         |     -    |      0|  0|  39|          32|          32|
    |exitcond1_10_fu_2236_p2  |   icmp   |      0|  0|   9|           3|           4|
    |exitcond1_11_fu_2311_p2  |   icmp   |      0|  0|   9|           3|           4|
    |exitcond1_12_fu_2386_p2  |   icmp   |      0|  0|   9|           3|           4|
    |exitcond1_13_fu_2461_p2  |   icmp   |      0|  0|   9|           3|           4|
    |exitcond1_14_fu_2536_p2  |   icmp   |      0|  0|   9|           3|           4|
    |exitcond1_1_fu_1486_p2   |   icmp   |      0|  0|   9|           3|           4|
    |exitcond1_2_fu_1561_p2   |   icmp   |      0|  0|   9|           3|           4|
    |exitcond1_3_fu_1636_p2   |   icmp   |      0|  0|   9|           3|           4|
    |exitcond1_4_fu_1711_p2   |   icmp   |      0|  0|   9|           3|           4|
    |exitcond1_5_fu_1786_p2   |   icmp   |      0|  0|   9|           3|           4|
    |exitcond1_6_fu_1861_p2   |   icmp   |      0|  0|   9|           3|           4|
    |exitcond1_7_fu_1936_p2   |   icmp   |      0|  0|   9|           3|           4|
    |exitcond1_8_fu_2011_p2   |   icmp   |      0|  0|   9|           3|           4|
    |exitcond1_9_fu_2086_p2   |   icmp   |      0|  0|   9|           3|           4|
    |exitcond1_fu_1411_p2     |   icmp   |      0|  0|   9|           3|           4|
    |exitcond1_s_fu_2161_p2   |   icmp   |      0|  0|   9|           3|           4|
    |exitcond2_10_fu_2186_p2  |   icmp   |      0|  0|   9|           3|           4|
    |exitcond2_11_fu_2261_p2  |   icmp   |      0|  0|   9|           3|           4|
    |exitcond2_12_fu_2336_p2  |   icmp   |      0|  0|   9|           3|           4|
    |exitcond2_13_fu_2411_p2  |   icmp   |      0|  0|   9|           3|           4|
    |exitcond2_14_fu_2486_p2  |   icmp   |      0|  0|   9|           3|           4|
    |exitcond2_1_fu_1436_p2   |   icmp   |      0|  0|   9|           3|           4|
    |exitcond2_2_fu_1511_p2   |   icmp   |      0|  0|   9|           3|           4|
    |exitcond2_3_fu_1586_p2   |   icmp   |      0|  0|   9|           3|           4|
    |exitcond2_4_fu_1661_p2   |   icmp   |      0|  0|   9|           3|           4|
    |exitcond2_5_fu_1736_p2   |   icmp   |      0|  0|   9|           3|           4|
    |exitcond2_6_fu_1811_p2   |   icmp   |      0|  0|   9|           3|           4|
    |exitcond2_7_fu_1886_p2   |   icmp   |      0|  0|   9|           3|           4|
    |exitcond2_8_fu_1961_p2   |   icmp   |      0|  0|   9|           3|           4|
    |exitcond2_9_fu_2036_p2   |   icmp   |      0|  0|   9|           3|           4|
    |exitcond2_fu_1361_p2     |   icmp   |      0|  0|   9|           3|           4|
    |exitcond2_s_fu_2111_p2   |   icmp   |      0|  0|   9|           3|           4|
    |exitcond4_fu_1343_p2     |   icmp   |      0|  0|  11|           5|           6|
    |exitcond_fu_2561_p2      |   icmp   |      0|  0|  11|           5|           6|
    |tmp_13_10_fu_2248_p2     |   icmp   |      0|  0|   9|           3|           3|
    |tmp_13_11_fu_2323_p2     |   icmp   |      0|  0|   9|           3|           3|
    |tmp_13_12_fu_2398_p2     |   icmp   |      0|  0|   9|           3|           3|
    |tmp_13_13_fu_2473_p2     |   icmp   |      0|  0|   9|           3|           3|
    |tmp_13_14_fu_2548_p2     |   icmp   |      0|  0|   9|           3|           3|
    |tmp_13_1_fu_1498_p2      |   icmp   |      0|  0|   9|           3|           3|
    |tmp_13_2_fu_1573_p2      |   icmp   |      0|  0|   9|           3|           3|
    |tmp_13_3_fu_1648_p2      |   icmp   |      0|  0|   9|           3|           3|
    |tmp_13_4_fu_1723_p2      |   icmp   |      0|  0|   9|           3|           3|
    |tmp_13_5_fu_1798_p2      |   icmp   |      0|  0|   9|           3|           3|
    |tmp_13_6_fu_1873_p2      |   icmp   |      0|  0|   9|           3|           3|
    |tmp_13_7_fu_1948_p2      |   icmp   |      0|  0|   9|           3|           3|
    |tmp_13_8_fu_2023_p2      |   icmp   |      0|  0|   9|           3|           3|
    |tmp_13_9_fu_2098_p2      |   icmp   |      0|  0|   9|           3|           3|
    |tmp_13_fu_1423_p2        |   icmp   |      0|  0|   9|           3|           3|
    |tmp_13_s_fu_2173_p2      |   icmp   |      0|  0|   9|           3|           3|
    |sigma_1_10_fu_2254_p3    |  select  |      0|  0|  64|           1|          64|
    |sigma_1_11_fu_2329_p3    |  select  |      0|  0|  64|           1|          64|
    |sigma_1_12_fu_2404_p3    |  select  |      0|  0|  64|           1|          64|
    |sigma_1_13_fu_2479_p3    |  select  |      0|  0|  64|           1|          64|
    |sigma_1_14_fu_2554_p3    |  select  |      0|  0|  64|           1|          64|
    |sigma_1_1_fu_1504_p3     |  select  |      0|  0|  64|           1|          64|
    |sigma_1_2_fu_1579_p3     |  select  |      0|  0|  64|           1|          64|
    |sigma_1_3_fu_1654_p3     |  select  |      0|  0|  64|           1|          64|
    |sigma_1_4_fu_1729_p3     |  select  |      0|  0|  64|           1|          64|
    |sigma_1_5_fu_1804_p3     |  select  |      0|  0|  64|           1|          64|
    |sigma_1_6_fu_1879_p3     |  select  |      0|  0|  64|           1|          64|
    |sigma_1_7_fu_1954_p3     |  select  |      0|  0|  64|           1|          64|
    |sigma_1_8_fu_2029_p3     |  select  |      0|  0|  64|           1|          64|
    |sigma_1_9_fu_2104_p3     |  select  |      0|  0|  64|           1|          64|
    |sigma_1_fu_1429_p3       |  select  |      0|  0|  64|           1|          64|
    |sigma_1_s_fu_2179_p3     |  select  |      0|  0|  64|           1|          64|
    |ap_enable_pp1            |    xor   |      0|  0|   2|           1|           2|
    +-------------------------+----------+-------+---+----+------------+------------+
    |Total                    |          |      6|  0|2405|         517|        1472|
    +-------------------------+----------+-------+---+----+------------+------------+

    * Multiplexer: 
    +-----------------------------+------+-----------+-----+-----------+
    |             Name            |  LUT | Input Size| Bits| Total Bits|
    +-----------------------------+------+-----------+-----+-----------+
    |J_address0                   |    85|         17|    4|         68|
    |ap_NS_fsm                    |  2193|       1112|    1|       1112|
    |ap_enable_reg_pp1_iter2      |     9|          2|    1|          2|
    |ap_phi_mux_q_phi_fu_1226_p4  |     9|          2|    5|         10|
    |b_address0                   |    85|         17|    2|         34|
    |grp_fu_1239_opcode           |    15|          3|    2|          6|
    |grp_fu_1239_p0               |    93|         19|   64|       1216|
    |grp_fu_1239_p1               |    89|         18|   64|       1152|
    |grp_fu_1285_p0               |    27|          5|   32|        160|
    |i1_10_reg_1035               |     9|          2|    3|          6|
    |i1_11_reg_1070               |     9|          2|    3|          6|
    |i1_12_reg_1105               |     9|          2|    3|          6|
    |i1_13_reg_1140               |     9|          2|    3|          6|
    |i1_14_reg_1175               |     9|          2|    3|          6|
    |i1_1_reg_685                 |     9|          2|    3|          6|
    |i1_2_reg_720                 |     9|          2|    3|          6|
    |i1_3_reg_755                 |     9|          2|    3|          6|
    |i1_4_reg_790                 |     9|          2|    3|          6|
    |i1_5_reg_825                 |     9|          2|    3|          6|
    |i1_6_reg_860                 |     9|          2|    3|          6|
    |i1_7_reg_895                 |     9|          2|    3|          6|
    |i1_8_reg_930                 |     9|          2|    3|          6|
    |i1_9_reg_965                 |     9|          2|    3|          6|
    |i1_reg_650                   |     9|          2|    3|          6|
    |i1_s_reg_1000                |     9|          2|    3|          6|
    |i_reg_639                    |     9|          2|    5|         10|
    |j_10_reg_1024                |     9|          2|    3|          6|
    |j_11_reg_1059                |     9|          2|    3|          6|
    |j_12_reg_1094                |     9|          2|    3|          6|
    |j_13_reg_1129                |     9|          2|    3|          6|
    |j_14_reg_1164                |     9|          2|    3|          6|
    |j_15_reg_1199                |     9|          2|    3|          6|
    |j_2_reg_744                  |     9|          2|    3|          6|
    |j_3_reg_779                  |     9|          2|    3|          6|
    |j_4_reg_814                  |     9|          2|    3|          6|
    |j_5_reg_849                  |     9|          2|    3|          6|
    |j_6_reg_884                  |     9|          2|    3|          6|
    |j_7_reg_919                  |     9|          2|    3|          6|
    |j_8_reg_954                  |     9|          2|    3|          6|
    |j_9_reg_989                  |     9|          2|    3|          6|
    |j_reg_674                    |     9|          2|    3|          6|
    |j_s_reg_709                  |     9|          2|    3|          6|
    |q_reg_1222                   |     9|          2|    5|         10|
    |sigma_10_reg_1012            |     9|          2|   64|        128|
    |sigma_11_reg_1047            |     9|          2|   64|        128|
    |sigma_12_reg_1082            |     9|          2|   64|        128|
    |sigma_13_reg_1117            |     9|          2|   64|        128|
    |sigma_14_reg_1152            |     9|          2|   64|        128|
    |sigma_15_reg_1187            |     9|          2|   64|        128|
    |sigma_16_reg_732             |     9|          2|   64|        128|
    |sigma_3_reg_767              |     9|          2|   64|        128|
    |sigma_4_reg_802              |     9|          2|   64|        128|
    |sigma_5_reg_837              |     9|          2|   64|        128|
    |sigma_6_reg_872              |     9|          2|   64|        128|
    |sigma_7_reg_907              |     9|          2|   64|        128|
    |sigma_8_reg_942              |     9|          2|   64|        128|
    |sigma_9_reg_977              |     9|          2|   64|        128|
    |sigma_reg_662                |     9|          2|   64|        128|
    |sigma_s_reg_697              |     9|          2|   64|        128|
    |sum_reg_1210                 |     9|          2|   64|        128|
    |x_new_address0               |   101|         21|    4|         84|
    |x_new_d0                     |    15|          3|   32|         96|
    |x_prev_address0              |   101|         21|    4|         84|
    |x_prev_d0                    |    15|          3|   32|         96|
    +-----------------------------+------+-----------+-----+-----------+
    |Total                        |  3296|       1345| 1441|       6508|
    +-----------------------------+------+-----------+-----+-----------+

    * Register: 
    +------------------------------------------------+------+----+------+-----------+
    |                      Name                      |  FF  | LUT| Bits | Const Bits|
    +------------------------------------------------+------+----+------+-----------+
    |ap_CS_fsm                                       |  1111|   0|  1111|          0|
    |ap_enable_reg_pp1_iter0                         |     1|   0|     1|          0|
    |ap_enable_reg_pp1_iter1                         |     1|   0|     1|          0|
    |ap_enable_reg_pp1_iter2                         |     1|   0|     1|          0|
    |exitcond_reg_3360                               |     1|   0|     1|          0|
    |grp_p_hls_fptosi_double_s_fu_1233_ap_start_reg  |     1|   0|     1|          0|
    |i1_10_reg_1035                                  |     3|   0|     3|          0|
    |i1_11_reg_1070                                  |     3|   0|     3|          0|
    |i1_12_reg_1105                                  |     3|   0|     3|          0|
    |i1_13_reg_1140                                  |     3|   0|     3|          0|
    |i1_14_reg_1175                                  |     3|   0|     3|          0|
    |i1_1_reg_685                                    |     3|   0|     3|          0|
    |i1_2_reg_720                                    |     3|   0|     3|          0|
    |i1_3_reg_755                                    |     3|   0|     3|          0|
    |i1_4_reg_790                                    |     3|   0|     3|          0|
    |i1_5_reg_825                                    |     3|   0|     3|          0|
    |i1_6_reg_860                                    |     3|   0|     3|          0|
    |i1_7_reg_895                                    |     3|   0|     3|          0|
    |i1_8_reg_930                                    |     3|   0|     3|          0|
    |i1_9_reg_965                                    |     3|   0|     3|          0|
    |i1_reg_650                                      |     3|   0|     3|          0|
    |i1_s_reg_1000                                   |     3|   0|     3|          0|
    |i_2_10_reg_3127                                 |     3|   0|     3|          0|
    |i_2_11_reg_3174                                 |     3|   0|     3|          0|
    |i_2_12_reg_3221                                 |     3|   0|     3|          0|
    |i_2_13_reg_3268                                 |     3|   0|     3|          0|
    |i_2_14_reg_3316                                 |     3|   0|     3|          0|
    |i_2_1_reg_2657                                  |     3|   0|     3|          0|
    |i_2_2_reg_2704                                  |     3|   0|     3|          0|
    |i_2_3_reg_2751                                  |     3|   0|     3|          0|
    |i_2_4_reg_2798                                  |     3|   0|     3|          0|
    |i_2_5_reg_2845                                  |     3|   0|     3|          0|
    |i_2_6_reg_2892                                  |     3|   0|     3|          0|
    |i_2_7_reg_2939                                  |     3|   0|     3|          0|
    |i_2_8_reg_2986                                  |     3|   0|     3|          0|
    |i_2_9_reg_3033                                  |     3|   0|     3|          0|
    |i_2_reg_2610                                    |     3|   0|     3|          0|
    |i_2_s_reg_3080                                  |     3|   0|     3|          0|
    |i_reg_639                                       |     5|   0|     5|          0|
    |j_10_reg_1024                                   |     3|   0|     3|          0|
    |j_11_reg_1059                                   |     3|   0|     3|          0|
    |j_12_reg_1094                                   |     3|   0|     3|          0|
    |j_13_reg_1129                                   |     3|   0|     3|          0|
    |j_14_reg_1164                                   |     3|   0|     3|          0|
    |j_15_reg_1199                                   |     3|   0|     3|          0|
    |j_1_10_reg_3151                                 |     3|   0|     3|          0|
    |j_1_11_reg_3198                                 |     3|   0|     3|          0|
    |j_1_12_reg_3245                                 |     3|   0|     3|          0|
    |j_1_13_reg_3292                                 |     3|   0|     3|          0|
    |j_1_14_reg_3340                                 |     3|   0|     3|          0|
    |j_1_1_reg_2681                                  |     3|   0|     3|          0|
    |j_1_2_reg_2728                                  |     3|   0|     3|          0|
    |j_1_3_reg_2775                                  |     3|   0|     3|          0|
    |j_1_4_reg_2822                                  |     3|   0|     3|          0|
    |j_1_5_reg_2869                                  |     3|   0|     3|          0|
    |j_1_6_reg_2916                                  |     3|   0|     3|          0|
    |j_1_7_reg_2963                                  |     3|   0|     3|          0|
    |j_1_8_reg_3010                                  |     3|   0|     3|          0|
    |j_1_9_reg_3057                                  |     3|   0|     3|          0|
    |j_1_reg_2634                                    |     3|   0|     3|          0|
    |j_1_s_reg_3104                                  |     3|   0|     3|          0|
    |j_2_reg_744                                     |     3|   0|     3|          0|
    |j_3_reg_779                                     |     3|   0|     3|          0|
    |j_4_reg_814                                     |     3|   0|     3|          0|
    |j_5_reg_849                                     |     3|   0|     3|          0|
    |j_6_reg_884                                     |     3|   0|     3|          0|
    |j_7_reg_919                                     |     3|   0|     3|          0|
    |j_8_reg_954                                     |     3|   0|     3|          0|
    |j_9_reg_989                                     |     3|   0|     3|          0|
    |j_reg_674                                       |     3|   0|     3|          0|
    |j_s_reg_709                                     |     3|   0|     3|          0|
    |q_1_reg_3364                                    |     5|   0|     5|          0|
    |q_reg_1222                                      |     5|   0|     5|          0|
    |reg_1295                                        |    32|   0|    32|          0|
    |reg_1300                                        |    32|   0|    32|          0|
    |reg_1304                                        |    64|   0|    64|          0|
    |reg_1311                                        |    64|   0|    64|          0|
    |reg_1322                                        |    64|   0|    64|          0|
    |reg_1327                                        |    64|   0|    64|          0|
    |reg_1338                                        |    32|   0|    32|          0|
    |sigma_10_reg_1012                               |    64|   0|    64|          0|
    |sigma_11_reg_1047                               |    64|   0|    64|          0|
    |sigma_12_reg_1082                               |    64|   0|    64|          0|
    |sigma_13_reg_1117                               |    64|   0|    64|          0|
    |sigma_14_reg_1152                               |    64|   0|    64|          0|
    |sigma_15_reg_1187                               |    64|   0|    64|          0|
    |sigma_16_reg_732                                |    64|   0|    64|          0|
    |sigma_3_reg_767                                 |    64|   0|    64|          0|
    |sigma_4_reg_802                                 |    64|   0|    64|          0|
    |sigma_5_reg_837                                 |    64|   0|    64|          0|
    |sigma_6_reg_872                                 |    64|   0|    64|          0|
    |sigma_7_reg_907                                 |    64|   0|    64|          0|
    |sigma_8_reg_942                                 |    64|   0|    64|          0|
    |sigma_9_reg_977                                 |    64|   0|    64|          0|
    |sigma_reg_662                                   |    64|   0|    64|          0|
    |sigma_s_reg_697                                 |    64|   0|    64|          0|
    |sum_reg_1210                                    |    64|   0|    64|          0|
    |tmp_13_10_reg_3156                              |     1|   0|     1|          0|
    |tmp_13_11_reg_3203                              |     1|   0|     1|          0|
    |tmp_13_12_reg_3250                              |     1|   0|     1|          0|
    |tmp_13_13_reg_3297                              |     1|   0|     1|          0|
    |tmp_13_14_reg_3345                              |     1|   0|     1|          0|
    |tmp_13_1_reg_2686                               |     1|   0|     1|          0|
    |tmp_13_2_reg_2733                               |     1|   0|     1|          0|
    |tmp_13_3_reg_2780                               |     1|   0|     1|          0|
    |tmp_13_4_reg_2827                               |     1|   0|     1|          0|
    |tmp_13_5_reg_2874                               |     1|   0|     1|          0|
    |tmp_13_6_reg_2921                               |     1|   0|     1|          0|
    |tmp_13_7_reg_2968                               |     1|   0|     1|          0|
    |tmp_13_8_reg_3015                               |     1|   0|     1|          0|
    |tmp_13_9_reg_3062                               |     1|   0|     1|          0|
    |tmp_13_reg_2639                                 |     1|   0|     1|          0|
    |tmp_13_s_reg_3109                               |     1|   0|     1|          0|
    |tmp_14_10_reg_3132                              |     3|   0|    64|         61|
    |tmp_14_11_reg_3179                              |     3|   0|    64|         61|
    |tmp_14_12_reg_3226                              |     3|   0|    64|         61|
    |tmp_14_13_reg_3273                              |     3|   0|    64|         61|
    |tmp_14_14_reg_3321                              |     3|   0|    64|         61|
    |tmp_14_1_reg_2662                               |     3|   0|    64|         61|
    |tmp_14_2_reg_2709                               |     3|   0|    64|         61|
    |tmp_14_3_reg_2756                               |     3|   0|    64|         61|
    |tmp_14_4_reg_2803                               |     3|   0|    64|         61|
    |tmp_14_5_reg_2850                               |     3|   0|    64|         61|
    |tmp_14_6_reg_2897                               |     3|   0|    64|         61|
    |tmp_14_7_reg_2944                               |     3|   0|    64|         61|
    |tmp_14_8_reg_2991                               |     3|   0|    64|         61|
    |tmp_14_9_reg_3038                               |     3|   0|    64|         61|
    |tmp_14_s_reg_3085                               |     3|   0|    64|         61|
    |tmp_2_reg_3369                                  |     5|   0|    64|         59|
    |tmp_3_reg_3384                                  |    32|   0|    32|          0|
    |tmp_4_reg_3390                                  |    32|   0|    32|          0|
    |tmp_s_reg_2615                                  |     3|   0|    64|         61|
    |exitcond_reg_3360                               |    64|  32|     1|          0|
    +------------------------------------------------+------+----+------+-----------+
    |Total                                           |  2960|  32|  3932|       1035|
    +------------------------------------------------+------+----+------+-----------+



================================================================
== Interface
================================================================
* Summary: 
+------------+-----+-----+------------+--------------+--------------+
|  RTL Ports | Dir | Bits|  Protocol  | Source Object|    C Type    |
+------------+-----+-----+------------+--------------+--------------+
|ap_clk      |  in |    1| ap_ctrl_hs |  jacobi_HLS  | return value |
|ap_rst      |  in |    1| ap_ctrl_hs |  jacobi_HLS  | return value |
|ap_start    |  in |    1| ap_ctrl_hs |  jacobi_HLS  | return value |
|ap_done     | out |    1| ap_ctrl_hs |  jacobi_HLS  | return value |
|ap_idle     | out |    1| ap_ctrl_hs |  jacobi_HLS  | return value |
|ap_ready    | out |    1| ap_ctrl_hs |  jacobi_HLS  | return value |
|ap_return   | out |   64| ap_ctrl_hs |  jacobi_HLS  | return value |
|J_address0  | out |    4|  ap_memory |       J      |     array    |
|J_ce0       | out |    1|  ap_memory |       J      |     array    |
|J_q0        |  in |   32|  ap_memory |       J      |     array    |
|b_address0  | out |    2|  ap_memory |       b      |     array    |
|b_ce0       | out |    1|  ap_memory |       b      |     array    |
|b_q0        |  in |   32|  ap_memory |       b      |     array    |
|x_address0  | out |    4|  ap_memory |       x      |     array    |
|x_ce0       | out |    1|  ap_memory |       x      |     array    |
|x_we0       | out |    1|  ap_memory |       x      |     array    |
|x_d0        | out |   32|  ap_memory |       x      |     array    |
+------------+-----+-----+------------+--------------+--------------+

