

================================================================
== Vivado HLS Report for 'jacobi_HLS'
================================================================
* Date:           Tue May 28 11:38:30 2019

* Version:        2018.3 (Build 2405991 on Thu Dec 06 23:56:15 MST 2018)
* Project:        Jacobi
* Solution:       solution2
* Product family: zynq
* Target device:  xc7z020clg400-1


================================================================
== Performance Estimates
================================================================
+ Timing (ns): 
    * Summary: 
    +--------+-------+----------+------------+
    |  Clock | Target| Estimated| Uncertainty|
    +--------+-------+----------+------------+
    |ap_clk  |  10.00|     8.623|        1.25|
    +--------+-------+----------+------------+

+ Latency (clock cycles): 
    * Summary: 
    +------+------+------+------+---------+
    |   Latency   |   Interval  | Pipeline|
    |  min |  max |  min |  max |   Type  |
    +------+------+------+------+---------+
    |  5819|  5819|  5819|  5819|   none  |
    +------+------+------+------+---------+

    + Detail: 
        * Instance: 
        N/A

        * Loop: 
        +------------------+------+------+----------+-----------+-----------+------+----------+
        |                  |   Latency   | Iteration|  Initiation Interval  | Trip |          |
        |     Loop Name    |  min |  max |  Latency |  achieved |   target  | Count| Pipelined|
        +------------------+------+------+----------+-----------+-----------+------+----------+
        |- inicializacion  |    16|    16|         1|          1|          1|    16|    yes   |
        |- Iteracciones    |  5680|  5680|       355|          -|          -|    16|    no    |
        | + Columnas       |   352|   352|        88|          -|          -|     4|    no    |
        |  ++ filas        |    28|    28|         7|          -|          -|     4|    no    |
        |- calculo_error   |    88|    88|        14|          5|          1|    16|    yes   |
        +------------------+------+------+----------+-----------+-----------+------+----------+



================================================================
== Utilization Estimates
================================================================
* Summary: 
+-----------------+---------+-------+--------+-------+
|       Name      | BRAM_18K| DSP48E|   FF   |  LUT  |
+-----------------+---------+-------+--------+-------+
|DSP              |        -|      -|       -|      -|
|Expression       |        -|      6|       0|   1077|
|FIFO             |        -|      -|       -|      -|
|Instance         |        -|     14|    6217|   8210|
|Memory           |        0|      -|     128|     16|
|Multiplexer      |        -|      -|       -|    716|
|Register         |        0|      -|     798|     32|
+-----------------+---------+-------+--------+-------+
|Total            |        0|     20|    7143|  10051|
+-----------------+---------+-------+--------+-------+
|Available        |      280|    220|  106400|  53200|
+-----------------+---------+-------+--------+-------+
|Utilization (%)  |        0|      9|       6|     18|
+-----------------+---------+-------+--------+-------+

+ Detail: 
    * Instance: 
    +-------------------------+----------------------+---------+-------+------+------+
    |         Instance        |        Module        | BRAM_18K| DSP48E|  FF  |  LUT |
    +-------------------------+----------------------+---------+-------+------+------+
    |jacobi_HLS_dadddsbkb_U1  |jacobi_HLS_dadddsbkb  |        0|      3|   445|  1149|
    |jacobi_HLS_ddiv_6dEe_U3  |jacobi_HLS_ddiv_6dEe  |        0|      0|  3211|  3658|
    |jacobi_HLS_dmul_6cud_U2  |jacobi_HLS_dmul_6cud  |        0|     11|   317|   578|
    |jacobi_HLS_dsqrt_fYi_U5  |jacobi_HLS_dsqrt_fYi  |        0|      0|  1832|  2180|
    |jacobi_HLS_sitodpeOg_U4  |jacobi_HLS_sitodpeOg  |        0|      0|   412|   645|
    +-------------------------+----------------------+---------+-------+------+------+
    |Total                    |                      |        0|     14|  6217|  8210|
    +-------------------------+----------------------+---------+-------+------+------+

    * DSP48: 
    N/A

    * Memory: 
    +----------+-------------------+---------+----+----+------+-----+------+-------------+
    |  Memory  |       Module      | BRAM_18K| FF | LUT| Words| Bits| Banks| W*Bits*Banks|
    +----------+-------------------+---------+----+----+------+-----+------+-------------+
    |x_prev_U  |jacobi_HLS_x_prev  |        0|  64|   8|    16|   32|     1|          512|
    |x_new_U   |jacobi_HLS_x_prev  |        0|  64|   8|    16|   32|     1|          512|
    +----------+-------------------+---------+----+----+------+-----+------+-------------+
    |Total     |                   |        0| 128|  16|    32|   64|     2|         1024|
    +----------+-------------------+---------+----+----+------+-----+------+-------------+

    * FIFO: 
    N/A

    * Expression: 
    +----------------------+----------+-------+---+-----+------------+------------+
    |     Variable Name    | Operation| DSP48E| FF| LUT | Bitwidth P0| Bitwidth P1|
    +----------------------+----------+-------+---+-----+------------+------------+
    |tmp_15_fu_420_p2      |     *    |      3|  0|   20|          32|          32|
    |tmp_4_fu_614_p2       |     *    |      3|  0|   20|          32|          32|
    |i_1_fu_346_p2         |     +    |      0|  0|   15|           5|           1|
    |i_2_fu_376_p2         |     +    |      0|  0|   12|           3|           1|
    |j_1_fu_430_p2         |     +    |      0|  0|   12|           3|           1|
    |q_1_fu_596_p2         |     +    |      0|  0|   15|           5|           1|
    |sh_assign_fu_492_p2   |     +    |      0|  0|   12|          11|          12|
    |t_1_fu_364_p2         |     +    |      0|  0|   15|           5|           1|
    |tmp_18_fu_409_p2      |     +    |      0|  0|   15|           6|           6|
    |tmp_9_fu_382_p2       |     +    |      0|  0|   12|           3|           2|
    |result_V_1_fu_578_p2  |     -    |      0|  0|   39|           1|          32|
    |tmp_3_fu_608_p2       |     -    |      0|  0|   39|          32|          32|
    |tmp_i_i_i_fu_506_p2   |     -    |      0|  0|   13|          10|          11|
    |exitcond1_fu_424_p2   |   icmp   |      0|  0|    9|           3|           4|
    |exitcond2_fu_370_p2   |   icmp   |      0|  0|    9|           3|           4|
    |exitcond3_fu_358_p2   |   icmp   |      0|  0|   11|           5|           6|
    |exitcond4_fu_340_p2   |   icmp   |      0|  0|   11|           5|           6|
    |exitcond_fu_590_p2    |   icmp   |      0|  0|   11|           5|           6|
    |tmp_13_fu_436_p2      |   icmp   |      0|  0|    9|           3|           3|
    |r_V_fu_536_p2         |   lshr   |      0|  0|  162|          54|          54|
    |p_Val2_5_fu_570_p3    |  select  |      0|  0|   32|           1|          32|
    |p_Val2_6_fu_583_p3    |  select  |      0|  0|   32|           1|          32|
    |sigma_1_fu_442_p3     |  select  |      0|  0|   64|           1|          64|
    |ush_fu_516_p3         |  select  |      0|  0|   12|           1|          12|
    |r_V_1_fu_542_p2       |    shl   |      0|  0|  474|         137|         137|
    |ap_enable_pp1         |    xor   |      0|  0|    2|           1|           2|
    +----------------------+----------+-------+---+-----+------------+------------+
    |Total                 |          |      6|  0| 1077|         368|         526|
    +----------------------+----------+-------+---+-----+------------+------------+

    * Multiplexer: 
    +----------------------------+-----+-----------+-----+-----------+
    |            Name            | LUT | Input Size| Bits| Total Bits|
    +----------------------------+-----+-----------+-----+-----------+
    |ap_NS_fsm                   |  473|        108|    1|        108|
    |ap_enable_reg_pp1_iter2     |    9|          2|    1|          2|
    |ap_phi_mux_q_phi_fu_294_p4  |    9|          2|    5|         10|
    |grp_fu_301_opcode           |   15|          3|    2|          6|
    |grp_fu_301_p0               |   21|          4|   64|        256|
    |grp_fu_301_p1               |   15|          3|   64|        192|
    |grp_fu_317_p0               |   27|          5|   32|        160|
    |i1_reg_243                  |    9|          2|    3|          6|
    |i_reg_221                   |    9|          2|    5|         10|
    |j_reg_267                   |    9|          2|    3|          6|
    |q_reg_290                   |    9|          2|    5|         10|
    |sigma_reg_255               |    9|          2|   64|        128|
    |sum_reg_278                 |    9|          2|   64|        128|
    |t_reg_232                   |    9|          2|    5|         10|
    |x_new_address0              |   27|          5|    4|         20|
    |x_new_d0                    |   15|          3|   32|         96|
    |x_prev_address0             |   27|          5|    4|         20|
    |x_prev_d0                   |   15|          3|   32|         96|
    +----------------------------+-----+-----------+-----+-----------+
    |Total                       |  716|        157|  390|       1264|
    +----------------------------+-----+-----------+-----+-----------+

    * Register: 
    +-------------------------+-----+----+-----+-----------+
    |           Name          |  FF | LUT| Bits| Const Bits|
    +-------------------------+-----+----+-----+-----------+
    |J_load_reg_669           |   32|   0|   32|          0|
    |ap_CS_fsm                |  107|   0|  107|          0|
    |ap_enable_reg_pp1_iter0  |    1|   0|    1|          0|
    |ap_enable_reg_pp1_iter1  |    1|   0|    1|          0|
    |ap_enable_reg_pp1_iter2  |    1|   0|    1|          0|
    |exitcond_reg_734         |    1|   0|    1|          0|
    |i1_reg_243               |    3|   0|    3|          0|
    |i_2_reg_648              |    3|   0|    3|          0|
    |i_reg_221                |    5|   0|    5|          0|
    |j_1_reg_688              |    3|   0|    3|          0|
    |j_reg_267                |    3|   0|    3|          0|
    |p_Result_s_reg_723       |    1|   0|    1|          0|
    |p_Val2_5_reg_728         |   32|   0|   32|          0|
    |q_1_reg_738              |    5|   0|    5|          0|
    |q_reg_290                |    5|   0|    5|          0|
    |reg_327                  |   64|   0|   64|          0|
    |reg_334                  |   64|   0|   64|          0|
    |sigma_reg_255            |   64|   0|   64|          0|
    |sum_reg_278              |   64|   0|   64|          0|
    |t_1_reg_640              |    5|   0|    5|          0|
    |t_reg_232                |    5|   0|    5|          0|
    |tmp_10_reg_713           |   64|   0|   64|          0|
    |tmp_13_reg_693           |    1|   0|    1|          0|
    |tmp_14_reg_653           |    3|   0|   64|         61|
    |tmp_15_reg_680           |   32|   0|   32|          0|
    |tmp_2_reg_743            |    5|   0|   64|         59|
    |tmp_3_reg_758            |   32|   0|   32|          0|
    |tmp_4_reg_764            |   32|   0|   32|          0|
    |x_assign_reg_718         |   64|   0|   64|          0|
    |x_prev_load_1_reg_675    |   32|   0|   32|          0|
    |exitcond_reg_734         |   64|  32|    1|          0|
    +-------------------------+-----+----+-----+-----------+
    |Total                    |  798|  32|  855|        120|
    +-------------------------+-----+----+-----+-----------+



================================================================
== Interface
================================================================
* Summary: 
+------------+-----+-----+------------+--------------+--------------+
|  RTL Ports | Dir | Bits|  Protocol  | Source Object|    C Type    |
+------------+-----+-----+------------+--------------+--------------+
|ap_clk      |  in |    1| ap_ctrl_hs |  jacobi_HLS  | return value |
|ap_rst      |  in |    1| ap_ctrl_hs |  jacobi_HLS  | return value |
|ap_start    |  in |    1| ap_ctrl_hs |  jacobi_HLS  | return value |
|ap_done     | out |    1| ap_ctrl_hs |  jacobi_HLS  | return value |
|ap_idle     | out |    1| ap_ctrl_hs |  jacobi_HLS  | return value |
|ap_ready    | out |    1| ap_ctrl_hs |  jacobi_HLS  | return value |
|ap_return   | out |   64| ap_ctrl_hs |  jacobi_HLS  | return value |
|J_address0  | out |    4|  ap_memory |       J      |     array    |
|J_ce0       | out |    1|  ap_memory |       J      |     array    |
|J_q0        |  in |   32|  ap_memory |       J      |     array    |
|b_address0  | out |    2|  ap_memory |       b      |     array    |
|b_ce0       | out |    1|  ap_memory |       b      |     array    |
|b_q0        |  in |   32|  ap_memory |       b      |     array    |
|x_address0  | out |    4|  ap_memory |       x      |     array    |
|x_ce0       | out |    1|  ap_memory |       x      |     array    |
|x_we0       | out |    1|  ap_memory |       x      |     array    |
|x_d0        | out |   32|  ap_memory |       x      |     array    |
+------------+-----+-----+------------+--------------+--------------+

