

================================================================
== Vivado HLS Report for 'jacobi_HLS'
================================================================
* Date:           Tue May 28 11:39:33 2019

* Version:        2018.3 (Build 2405991 on Thu Dec 06 23:56:15 MST 2018)
* Project:        Jacobi
* Solution:       solution5
* Product family: zynq
* Target device:  xc7z020clg400-1


================================================================
== Performance Estimates
================================================================
+ Timing (ns): 
    * Summary: 
    +--------+-------+----------+------------+
    |  Clock | Target| Estimated| Uncertainty|
    +--------+-------+----------+------------+
    |ap_clk  |  10.00|    10.355|        1.25|
    +--------+-------+----------+------------+

+ Latency (clock cycles): 
    * Summary: 
    +-----+-----+-----+-----+---------+
    |  Latency  |  Interval | Pipeline|
    | min | max | min | max |   Type  |
    +-----+-----+-----+-----+---------+
    |  183|  183|  183|  183|   none  |
    +-----+-----+-----+-----+---------+

    + Detail: 
        * Instance: 
        N/A

        * Loop: 
        +------------------+-----+-----+----------+-----------+-----------+------+----------+
        |                  |  Latency  | Iteration|  Initiation Interval  | Trip |          |
        |     Loop Name    | min | max |  Latency |  achieved |   target  | Count| Pipelined|
        +------------------+-----+-----+----------+-----------+-----------+------+----------+
        |- inicializacion  |   16|   16|         1|          1|          1|    16|    yes   |
        +------------------+-----+-----+----------+-----------+-----------+------+----------+



================================================================
== Utilization Estimates
================================================================
* Summary: 
+-----------------+---------+-------+--------+-------+
|       Name      | BRAM_18K| DSP48E|   FF   |  LUT  |
+-----------------+---------+-------+--------+-------+
|DSP              |        -|      -|       -|      -|
|Expression       |        -|     39|       0|   3741|
|FIFO             |        -|      -|       -|      -|
|Instance         |        -|     28|   11426|  15530|
|Memory           |        4|      -|       0|      0|
|Multiplexer      |        -|      -|       -|   1408|
|Register         |        -|      -|    2449|      -|
+-----------------+---------+-------+--------+-------+
|Total            |        4|     67|   13875|  20679|
+-----------------+---------+-------+--------+-------+
|Available        |      280|    220|  106400|  53200|
+-----------------+---------+-------+--------+-------+
|Utilization (%)  |        1|     30|      13|     38|
+-----------------+---------+-------+--------+-------+

+ Detail: 
    * Instance: 
    +--------------------------+----------------------+---------+-------+------+------+
    |         Instance         |        Module        | BRAM_18K| DSP48E|  FF  |  LUT |
    +--------------------------+----------------------+---------+-------+------+------+
    |jacobi_HLS_dadddsbkb_U1   |jacobi_HLS_dadddsbkb  |        0|      3|   445|  1149|
    |jacobi_HLS_ddiv_6eOg_U5   |jacobi_HLS_ddiv_6eOg  |        0|      0|  3211|  3658|
    |jacobi_HLS_ddiv_6eOg_U6   |jacobi_HLS_ddiv_6eOg  |        0|      0|  3211|  3658|
    |jacobi_HLS_dmul_6dEe_U3   |jacobi_HLS_dmul_6dEe  |        0|     11|   317|   578|
    |jacobi_HLS_dmul_6dEe_U4   |jacobi_HLS_dmul_6dEe  |        0|     11|   317|   578|
    |jacobi_HLS_dsqrt_g8j_U11  |jacobi_HLS_dsqrt_g8j  |        0|      0|  1832|  2180|
    |jacobi_HLS_dsub_6cud_U2   |jacobi_HLS_dsub_6cud  |        0|      3|   445|  1149|
    |jacobi_HLS_sitodpfYi_U7   |jacobi_HLS_sitodpfYi  |        0|      0|   412|   645|
    |jacobi_HLS_sitodpfYi_U8   |jacobi_HLS_sitodpfYi  |        0|      0|   412|   645|
    |jacobi_HLS_sitodpfYi_U9   |jacobi_HLS_sitodpfYi  |        0|      0|   412|   645|
    |jacobi_HLS_sitodpfYi_U10  |jacobi_HLS_sitodpfYi  |        0|      0|   412|   645|
    +--------------------------+----------------------+---------+-------+------+------+
    |Total                     |                      |        0|     28| 11426| 15530|
    +--------------------------+----------------------+---------+-------+------+------+

    * DSP48: 
    N/A

    * Memory: 
    +----------+-------------------+---------+---+----+------+-----+------+-------------+
    |  Memory  |       Module      | BRAM_18K| FF| LUT| Words| Bits| Banks| W*Bits*Banks|
    +----------+-------------------+---------+---+----+------+-----+------+-------------+
    |x_prev_U  |jacobi_HLS_x_prev  |        2|  0|   0|    16|   32|     1|          512|
    |x_new_U   |jacobi_HLS_x_prev  |        2|  0|   0|    16|   32|     1|          512|
    +----------+-------------------+---------+---+----+------+-----+------+-------------+
    |Total     |                   |        4|  0|   0|    32|   64|     2|         1024|
    +----------+-------------------+---------+---+----+------+-----+------+-------------+

    * FIFO: 
    N/A

    * Expression: 
    +------------------------+----------+-------+---+-----+------------+------------+
    |      Variable Name     | Operation| DSP48E| FF| LUT | Bitwidth P0| Bitwidth P1|
    +------------------------+----------+-------+---+-----+------------+------------+
    |grp_fu_793_p2           |     *    |      3|  0|   20|          32|          32|
    |grp_fu_799_p2           |     *    |      3|  0|   20|          32|          32|
    |tmp_15_0_1_1_fu_837_p2  |     *    |      3|  0|   20|          32|          32|
    |tmp_15_0_2_2_fu_841_p2  |     *    |      3|  0|   20|          32|          32|
    |tmp_15_0_3_3_fu_845_p2  |     *    |      3|  0|   20|          32|          32|
    |tmp_2_fu_833_p2         |     *    |      3|  0|   20|          32|          32|
    |tmp_4_12_fu_1458_p2     |     *    |      3|  0|   20|          32|          32|
    |tmp_4_13_fu_1462_p2     |     *    |      3|  0|   20|          32|          32|
    |tmp_4_14_fu_1471_p2     |     *    |      3|  0|   20|          32|          32|
    |tmp_4_1_fu_1144_p2      |     *    |      3|  0|   20|          32|          32|
    |tmp_4_2_fu_1294_p2      |     *    |      3|  0|   20|          32|          32|
    |tmp_4_3_fu_1444_p2      |     *    |      3|  0|   20|          32|          32|
    |tmp_4_fu_1140_p2        |     *    |      3|  0|   20|          32|          32|
    |i_1_fu_821_p2           |     +    |      0|  0|   15|           5|           1|
    |sh_assign_3_fu_1022_p2  |     +    |      0|  0|   12|          11|          12|
    |sh_assign_6_fu_1192_p2  |     +    |      0|  0|   12|          11|          12|
    |sh_assign_9_fu_1342_p2  |     +    |      0|  0|   12|          11|          12|
    |sh_assign_fu_893_p2     |     +    |      0|  0|   12|          11|          12|
    |grp_fu_727_p2           |     -    |      0|  0|   39|          32|          32|
    |grp_fu_733_p2           |     -    |      0|  0|   39|          32|          32|
    |result_V_1_fu_1108_p2   |     -    |      0|  0|   39|           1|          32|
    |result_V_3_fu_1119_p2   |     -    |      0|  0|   39|           1|          32|
    |result_V_5_fu_1278_p2   |     -    |      0|  0|   39|           1|          32|
    |result_V_7_fu_1428_p2   |     -    |      0|  0|   39|           1|          32|
    |tmp_3_12_fu_1453_p2     |     -    |      0|  0|   39|          32|          32|
    |tmp_3_13_fu_1448_p2     |     -    |      0|  0|   39|          32|          32|
    |tmp_3_14_fu_1466_p2     |     -    |      0|  0|   39|          32|          32|
    |tmp_3_1_fu_1135_p2      |     -    |      0|  0|   39|          32|          32|
    |tmp_3_2_fu_1289_p2      |     -    |      0|  0|   39|          32|          32|
    |tmp_3_3_fu_1439_p2      |     -    |      0|  0|   39|          32|          32|
    |tmp_3_fu_1130_p2        |     -    |      0|  0|   39|          32|          32|
    |tmp_i_i_i1_fu_1036_p2   |     -    |      0|  0|   13|          10|          11|
    |tmp_i_i_i2_fu_1206_p2   |     -    |      0|  0|   13|          10|          11|
    |tmp_i_i_i3_fu_1356_p2   |     -    |      0|  0|   13|          10|          11|
    |tmp_i_i_i_fu_907_p2     |     -    |      0|  0|   13|          10|          11|
    |exitcond4_fu_815_p2     |   icmp   |      0|  0|   11|           5|           6|
    |r_V_2_fu_1066_p2        |   lshr   |      0|  0|  162|          54|          54|
    |r_V_4_fu_1236_p2        |   lshr   |      0|  0|  162|          54|          54|
    |r_V_6_fu_1386_p2        |   lshr   |      0|  0|  162|          54|          54|
    |r_V_fu_937_p2           |   lshr   |      0|  0|  162|          54|          54|
    |p_Val2_20_fu_971_p3     |  select  |      0|  0|   32|           1|          32|
    |p_Val2_21_fu_1113_p3    |  select  |      0|  0|   32|           1|          32|
    |p_Val2_22_fu_1100_p3    |  select  |      0|  0|   32|           1|          32|
    |p_Val2_23_fu_1124_p3    |  select  |      0|  0|   32|           1|          32|
    |p_Val2_24_fu_1270_p3    |  select  |      0|  0|   32|           1|          32|
    |p_Val2_25_fu_1283_p3    |  select  |      0|  0|   32|           1|          32|
    |p_Val2_26_fu_1420_p3    |  select  |      0|  0|   32|           1|          32|
    |p_Val2_27_fu_1433_p3    |  select  |      0|  0|   32|           1|          32|
    |ush_1_fu_1046_p3        |  select  |      0|  0|   12|           1|          12|
    |ush_2_fu_1216_p3        |  select  |      0|  0|   12|           1|          12|
    |ush_3_fu_1366_p3        |  select  |      0|  0|   12|           1|          12|
    |ush_fu_917_p3           |  select  |      0|  0|   12|           1|          12|
    |r_V_1_fu_943_p2         |    shl   |      0|  0|  474|         137|         137|
    |r_V_3_fu_1072_p2        |    shl   |      0|  0|  474|         137|         137|
    |r_V_5_fu_1242_p2        |    shl   |      0|  0|  474|         137|         137|
    |r_V_7_fu_1392_p2        |    shl   |      0|  0|  474|         137|         137|
    +------------------------+----------+-------+---+-----+------------+------------+
    |Total                   |          |     39|  0| 3741|        1578|        1999|
    +------------------------+----------+-------+---+-----+------------+------------+

    * Multiplexer: 
    +-------------------+-----+-----------+-----+-----------+
    |        Name       | LUT | Input Size| Bits| Total Bits|
    +-------------------+-----+-----------+-----+-----------+
    |J_address0         |   15|          3|    4|         12|
    |J_address1         |   15|          3|    4|         12|
    |ap_NS_fsm          |  741|        169|    1|        169|
    |b_address0         |   15|          3|    2|          6|
    |b_address1         |   15|          3|    2|          6|
    |grp_fu_680_opcode  |   15|          3|    2|          6|
    |grp_fu_680_p0      |   33|          6|   64|        384|
    |grp_fu_680_p1      |   27|          5|   64|        320|
    |grp_fu_688_p0      |   15|          3|   64|        192|
    |grp_fu_688_p1      |   15|          3|   64|        192|
    |grp_fu_696_p1      |   21|          4|   64|        256|
    |grp_fu_706_p0      |   56|         13|   32|        416|
    |grp_fu_709_p0      |   27|          5|   32|        160|
    |grp_fu_713_p0      |   21|          4|   32|        128|
    |grp_fu_716_p0      |   15|          3|   32|         96|
    |i_reg_669          |    9|          2|    5|         10|
    |x_address0         |   56|         13|    4|         52|
    |x_address1         |   27|          5|    4|         20|
    |x_d0               |   21|          4|   32|        128|
    |x_d1               |   27|          5|   32|        160|
    |x_new_address0     |   59|         14|    4|         56|
    |x_new_address1     |   33|          6|    4|         24|
    |x_new_d0           |   21|          4|   32|        128|
    |x_new_d1           |   15|          3|   32|         96|
    |x_prev_address0    |   47|         10|    4|         40|
    |x_prev_address1    |   47|         10|    4|         40|
    +-------------------+-----+-----------+-----+-----------+
    |Total              | 1408|        306|  620|       3109|
    +-------------------+-----+-----------+-----+-----------+

    * Register: 
    +------------------------+-----+----+-----+-----------+
    |          Name          |  FF | LUT| Bits| Const Bits|
    +------------------------+-----+----+-----+-----------+
    |J_load_1_reg_1525       |   32|   0|   32|          0|
    |J_load_2_reg_1567       |   32|   0|   32|          0|
    |J_load_3_reg_1594       |   32|   0|   32|          0|
    |J_load_reg_1513         |   32|   0|   32|          0|
    |ap_CS_fsm               |  168|   0|  168|          0|
    |i_reg_669               |    5|   0|    5|          0|
    |p_Result_1_reg_1672     |    1|   0|    1|          0|
    |p_Result_2_reg_1717     |    1|   0|    1|          0|
    |p_Result_3_reg_1745     |    1|   0|    1|          0|
    |p_Result_s_reg_1661     |    1|   0|    1|          0|
    |p_Val2_20_reg_1666      |   32|   0|   32|          0|
    |p_Val2_21_reg_1683      |   32|   0|   32|          0|
    |p_Val2_22_reg_1677      |   32|   0|   32|          0|
    |p_Val2_23_reg_1689      |   32|   0|   32|          0|
    |p_Val2_24_reg_1722      |   32|   0|   32|          0|
    |p_Val2_25_reg_1728      |   32|   0|   32|          0|
    |p_Val2_26_reg_1750      |   32|   0|   32|          0|
    |p_Val2_27_reg_1756      |   32|   0|   32|          0|
    |reg_747                 |   64|   0|   64|          0|
    |reg_754                 |   64|   0|   64|          0|
    |reg_761                 |   64|   0|   64|          0|
    |reg_768                 |   64|   0|   64|          0|
    |reg_774                 |   64|   0|   64|          0|
    |reg_781                 |   64|   0|   64|          0|
    |reg_785                 |   32|   0|   32|          0|
    |reg_789                 |   32|   0|   32|          0|
    |reg_805                 |   32|   0|   32|          0|
    |reg_810                 |   32|   0|   32|          0|
    |tmp_10_0_1_reg_1641     |   64|   0|   64|          0|
    |tmp_10_0_2_reg_1646     |   64|   0|   64|          0|
    |tmp_10_0_3_reg_1651     |   64|   0|   64|          0|
    |tmp_15_0_1_1_reg_1547   |   32|   0|   32|          0|
    |tmp_15_0_2_2_reg_1579   |   32|   0|   32|          0|
    |tmp_15_0_3_3_reg_1606   |   32|   0|   32|          0|
    |tmp_16_0_3_3_reg_1631   |   64|   0|   64|          0|
    |tmp_2_reg_1537          |   32|   0|   32|          0|
    |tmp_3_12_reg_1914       |   32|   0|   32|          0|
    |tmp_3_13_reg_1903       |   32|   0|   32|          0|
    |tmp_3_14_reg_1935       |   32|   0|   32|          0|
    |tmp_3_1_reg_1701        |   32|   0|   32|          0|
    |tmp_3_2_reg_1734        |   32|   0|   32|          0|
    |tmp_3_3_reg_1762        |   32|   0|   32|          0|
    |tmp_3_reg_1695          |   32|   0|   32|          0|
    |tmp_4_12_reg_1920       |   32|   0|   32|          0|
    |tmp_4_13_reg_1925       |   32|   0|   32|          0|
    |tmp_4_14_reg_1941       |   32|   0|   32|          0|
    |tmp_4_1_reg_1712        |   32|   0|   32|          0|
    |tmp_4_2_reg_1740        |   32|   0|   32|          0|
    |tmp_4_3_reg_1768        |   32|   0|   32|          0|
    |tmp_4_reg_1707          |   32|   0|   32|          0|
    |tmp_6_0_2_reg_1621      |   64|   0|   64|          0|
    |tmp_8_0_1_reg_1616      |   64|   0|   64|          0|
    |tmp_8_0_2_reg_1626      |   64|   0|   64|          0|
    |tmp_s_reg_1636          |   64|   0|   64|          0|
    |x_assign_1_reg_1656     |   64|   0|   64|          0|
    |x_new_load_10_reg_1873  |   32|   0|   32|          0|
    |x_new_load_11_reg_1878  |   32|   0|   32|          0|
    |x_new_load_12_reg_1898  |   32|   0|   32|          0|
    |x_prev_load_1_reg_1531  |   32|   0|   32|          0|
    |x_prev_load_2_reg_1573  |   32|   0|   32|          0|
    |x_prev_load_3_reg_1600  |   32|   0|   32|          0|
    |x_prev_load_reg_1519    |   32|   0|   32|          0|
    +------------------------+-----+----+-----+-----------+
    |Total                   | 2449|   0| 2449|          0|
    +------------------------+-----+----+-----+-----------+



================================================================
== Interface
================================================================
* Summary: 
+------------+-----+-----+------------+--------------+--------------+
|  RTL Ports | Dir | Bits|  Protocol  | Source Object|    C Type    |
+------------+-----+-----+------------+--------------+--------------+
|ap_clk      |  in |    1| ap_ctrl_hs |  jacobi_HLS  | return value |
|ap_rst      |  in |    1| ap_ctrl_hs |  jacobi_HLS  | return value |
|ap_start    |  in |    1| ap_ctrl_hs |  jacobi_HLS  | return value |
|ap_done     | out |    1| ap_ctrl_hs |  jacobi_HLS  | return value |
|ap_idle     | out |    1| ap_ctrl_hs |  jacobi_HLS  | return value |
|ap_ready    | out |    1| ap_ctrl_hs |  jacobi_HLS  | return value |
|ap_return   | out |   64| ap_ctrl_hs |  jacobi_HLS  | return value |
|J_address0  | out |    4|  ap_memory |       J      |     array    |
|J_ce0       | out |    1|  ap_memory |       J      |     array    |
|J_q0        |  in |   32|  ap_memory |       J      |     array    |
|J_address1  | out |    4|  ap_memory |       J      |     array    |
|J_ce1       | out |    1|  ap_memory |       J      |     array    |
|J_q1        |  in |   32|  ap_memory |       J      |     array    |
|b_address0  | out |    2|  ap_memory |       b      |     array    |
|b_ce0       | out |    1|  ap_memory |       b      |     array    |
|b_q0        |  in |   32|  ap_memory |       b      |     array    |
|b_address1  | out |    2|  ap_memory |       b      |     array    |
|b_ce1       | out |    1|  ap_memory |       b      |     array    |
|b_q1        |  in |   32|  ap_memory |       b      |     array    |
|x_address0  | out |    4|  ap_memory |       x      |     array    |
|x_ce0       | out |    1|  ap_memory |       x      |     array    |
|x_we0       | out |    1|  ap_memory |       x      |     array    |
|x_d0        | out |   32|  ap_memory |       x      |     array    |
|x_address1  | out |    4|  ap_memory |       x      |     array    |
|x_ce1       | out |    1|  ap_memory |       x      |     array    |
|x_we1       | out |    1|  ap_memory |       x      |     array    |
|x_d1        | out |   32|  ap_memory |       x      |     array    |
+------------+-----+-----+------------+--------------+--------------+

